[36mvite v7.3.1 [32mbuilding client environment for production...[36m[39m
transforming...
[32mΓ£ô[39m 115 modules transformed.
rendering chunks...
computing gzip size...
[2mdist/[22m[32mindex.html                 [39m[1m[2m  0.56 kB[22m[1m[22m[2m Γöé gzip:   0.34 kB[22m
[2mdist/[22m[35massets/index-D436M2s0.css  [39m[1m[2m 53.72 kB[22m[1m[22m[2m Γöé gzip:   9.57 kB[22m
[2mdist/[22m[36massets/index-x3rkc-jt.js   [39m[1m[2m343.64 kB[22m[1m[22m[2m Γöé gzip: 102.97 kB[22m
[32mΓ£ô built in 2.96s[39m
